<?xml version="1.0" encoding="utf-8"?><testsuites><testsuite name="pytest" errors="0" failures="0" skipped="0" tests="28" time="9.316" timestamp="2025-05-03T22:21:43.773375-05:00" hostname="LAPTOP-1S9KBL6U"><testcase classname="tests.test_cli" name="test_get_git_dir_valid" time="0.015" /><testcase classname="tests.test_cli" name="test_get_git_dir_invalid" time="0.002" /><testcase classname="tests.test_cli" name="test_get_git_dir_no_objects" time="0.003" /><testcase classname="tests.test_cli" name="test_scan_repository_no_errors" time="0.024" /><testcase classname="tests.test_cli" name="test_scan_repository_with_errors" time="0.014" /><testcase classname="tests.test_cli" name="test_get_commits_from_repo" time="0.017" /><testcase classname="tests.test_cli" name="test_get_commits_from_repo_no_objects" time="0.012" /><testcase classname="tests.test_cli" name="test_cli_scan_valid_repo" time="0.016" /><testcase classname="tests.test_cli" name="test_cli_scan_with_errors" time="0.012" /><testcase classname="tests.test_cli" name="test_cli_export_graph" time="0.013" /><testcase classname="tests.test_cli" name="test_cli_export_graph_error" time="0.011" /><testcase classname="tests.test_cli" name="test_main_execution" time="0.003" /><testcase classname="tests.test_dag_builder" name="test_build_dag_empty" time="0.001" /><testcase classname="tests.test_dag_builder" name="test_build_dag_structure" time="0.001" /><testcase classname="tests.test_dag_builder" name="test_build_dag_invalid_objects" time="0.001" /><testcase classname="tests.test_dummy" name="test_example" time="0.002" /><testcase classname="tests.test_jw_detector" name="test_is_rewrite_similar_commits" time="0.005" /><testcase classname="tests.test_jw_detector" name="test_is_rewrite_different_commits" time="0.002" /><testcase classname="tests.test_jw_detector" name="test_is_rewrite_empty_lists" time="0.003" /><testcase classname="tests.test_jw_detector" name="test_is_rewrite_different_lengths" time="0.002" /><testcase classname="tests.test_jw_detector" name="test_is_rewrite_custom_threshold" time="0.001" /><testcase classname="tests.test_object_scanner" name="test_read_loose_valid_object" time="0.024" /><testcase classname="tests.test_object_scanner" name="test_read_loose_invalid_object" time="0.007" /><testcase classname="tests.test_object_scanner" name="test_read_packfile_invalid_signature" time="0.009" /><testcase classname="tests.test_object_scanner" name="test_read_packfile_corrupt_crc" time="0.015" /><testcase classname="tests.test_object_scanner" name="test_read_packfile_truncated" time="0.007" /><testcase classname="tests.test_object_scanner" name="test_read_packfile_invalid_version" time="0.011" /><testcase classname="tests.test_object_scanner" name="test_read_packfile_valid" time="0.009" /></testsuite></testsuites>